STATUS: 201
BODY: {"user":{"uid":"GMn2Jj7EL3RjEE1qUu4dbxMZxul1","name":"Test User","email":"test-1783870988072@example.com","role":"user","subscription":"trial","planName":"Free Trial","monthlyLeadLimit":5,"trialSearchLimit":2,"trialLeadLimit":5,"billingStatus":"trial","trialSearchesUsed":0,"entitlements":{"billingRequired":true,"trial":true,"trialSearchesUsed":0,"trialSearchLimit":2,"trialLeadLimit":5,"upgradeRequiredAfterTrial":true},"permissions":[]},"idToken":"eyJhbGciOiJSUzI1NiIsImtpZCI6IjY1Y2IzZjAyMGNhZjdiMmE5ZTg2ZWFkOTAxZDg5ZjQ4MTJjYmFjYmMiLCJ0eXAiOiJKV1QifQ.eyJpc3MiOiJodHRwczovL3NlY3VyZXRva2VuLmdvb2dsZS5jb20vbWF0LWxlYWQtYzBjYTQiLCJhdWQiOiJtYXQtbGVhZC1jMGNhNCIsImF1dGhfdGltZSI6MTc4Mzg3MDk4OSwidXNlcl9pZCI6IkdNbjJKajdFTDNSakVFMXFVdTRkYnhNWnh1bDEiLCJzdWIiOiJHTW4ySmo3RUwzUmpFRTFxVXU0ZGJ4TVp4dWwxIiwiaWF0IjoxNzgzODcwOTg5LCJleHAiOjE3ODM4NzQ1ODksImVtYWlsIjoidGVzdC0xNzgzODcwOTg4MDcyQGV4YW1wbGUuY29tIiwiZW1haWxfdmVyaWZpZWQiOmZhbHNlLCJmaXJlYmFzZSI6eyJpZGVudGl0aWVzIjp7ImVtYWlsIjpbInRlc3QtMTc4Mzg3MDk4ODA3MkBleGFtcGxlLmNvbSJdfSwic2lnbl9pbl9wcm92aWRlciI6InBhc3N3b3JkIn19.cekhfWbK6S8VVfcH58vImjzYMPvbr4z8rDK6xE1wxZJftcliFwmYKU67Qhd9SBYpl9FCIwwduJ9kuAcvywQQGiTL68eKGEPRrdrTZC1QcnWNxIHITORJIwG3n4U6zk_JRCPuJtVskLXqSKryKPtlfcPcwMc1zb4Vr-w5QmTACat2ZxcXWnFIUPRNZxQZwpxj03wBe8Cnb69kk3HhCimU_4lcaKOygH8ttqfBiGyF4cdbNq42HeGN1bkkXv13oylvRn77zBCzT7WPBY7K8KLhpXXQr1Zy8GtIf-GPxV5nul-WhJOAXvlUcICA9UalKlE5_tpmGoX4h5nNt-TVE9zRAg","firebaseRefreshToken":"AMf-vByIefVwltudow0E1NvkPAPxnIRdJYQ8eMTY_fe_hTz05q5Rq_Y1_wUaIgvi7eH4rZE4SzNjX3TeTTyePFmQhuaB2CI3H9A-zwBx2_DUidWwWZlppSHl2qwglZq0WthkjhSkwBMF8tsgMvWRO8O_vbZcX5hJaTO3Ao-sy6MJC8RIhEYU0-8taaYVS19VUAdgxCVu2ja5dPDcfp3_8OpGXqkPtDpbTeLcd-lP8gxgw9cdVFjkdJ0","accessToken":"eyJhbGciOiJIUzI1NiIsInR5cCI6IkpXVCJ9.eyJ1aWQiOiJHTW4ySmo3RUwzUmpFRTFxVXU0ZGJ4TVp4dWwxIiwiZW1haWwiOiJ0ZXN0LTE3ODM4NzA5ODgwNzJAZXhhbXBsZS5jb20iLCJyb2xlIjoidXNlciIsInN1YnNjcmlwdGlvbiI6InRyaWFsIiwicGxhbk5hbWUiOiJGcmVlIFRyaWFsIiwiYmlsbGluZ1N0YXR1cyI6InRyaWFsIiwibW9udGhseUxlYWRMaW1pdCI6NSwidHJpYWxTZWFyY2hlc1VzZWQiOjAsInRyaWFsU2VhcmNoTGltaXQiOjIsInRyaWFsTGVhZExpbWl0Ijo1LCJwZXJtaXNzaW9ucyI6W10sImVudGl0bGVtZW50cyI6eyJiaWxsaW5nUmVxdWlyZWQiOnRydWUsInRyaWFsIjp0cnVlLCJ0cmlhbFNlYXJjaGVzVXNlZCI6MCwidHJpYWxTZWFyY2hMaW1pdCI6MiwidHJpYWxMZWFkTGltaXQiOjUsInVwZ3JhZGVSZXF1aXJlZEFmdGVyVHJpYWwiOnRydWV9LCJpc3MiOiJtYXQtbGVhZHMtYWktcHJvLXgiLCJhdWQiOiJtYXQtbGVhZHMtdXNlcnMiLCJpYXQiOjE3ODM4NzA5OTYsImV4cCI6MTc4Mzg3Mjc5Nn0.XqWsF0UHzYUXTwBIhDMYk1NrWcxpa0loajwaF097VeQ","refreshToken":"eyJhbGciOiJIUzI1NiIsInR5cCI6IkpXVCJ9.eyJ1aWQiOiJHTW4ySmo3RUwzUmpFRTFxVXU0ZGJ4TVp4dWwxIiwiZW1haWwiOiJ0ZXN0LTE3ODM4NzA5ODgwNzJAZXhhbXBsZS5jb20iLCJyb2xlIjoidXNlciIsInRva2VuVmVyc2lvbiI6MSwiaXNzIjoibWF0LWxlYWRzLWFpLXByby14IiwiYXVkIjoibWF0LWxlYWRzLXVzZXJzIiwiaWF0IjoxNzgzODcwOTk2LCJleHAiOjE3ODY0NjI5OTZ9.yKEB2i4VmhyjmWz0XuC8GbkXDZeB39FwRD9bL1ccvPQ"}
